2026-07-29 20:23:42,320 - INFO - Scan started for https://google.com
2026-07-29 20:23:45,015 - INFO - HTTP scan completed
2026-07-29 20:23:45,644 - INFO - Domain cleaned: google.com
2026-07-29 20:24:00,763 - INFO - Scan completed successfully
2026-07-29 20:41:37,545 - INFO - Scan started for https://google.com
2026-07-29 20:41:37,545 - INFO - Domain cleaned: google.com
2026-07-29 20:41:37,985 - INFO - HTTP scan completed
2026-07-29 20:41:53,159 - INFO - Scan completed successfully
2026-07-29 20:46:55,379 - INFO - Scan started for https://google.com
2026-07-29 20:46:55,380 - INFO - Domain cleaned: google.com
2026-07-29 20:46:55,806 - INFO - HTTP scan completed
2026-07-29 20:47:10,556 - INFO - Scan completed successfully
2026-07-29 20:52:35,085 - INFO - Scan started for https://www.google.com/
2026-07-29 20:52:35,086 - INFO - Domain cleaned: google.com
2026-07-29 20:52:35,458 - INFO - HTTP scan completed
2026-07-29 20:52:50,323 - INFO - Scan completed successfully
2026-07-30 17:04:37,513 - INFO - Scan started for https://quickxpertinfotech.com
2026-07-30 17:04:37,515 - INFO - Domain cleaned: quickxpertinfotech.com
2026-07-30 17:04:41,537 - INFO - HTTP scan completed
2026-07-30 17:04:49,282 - INFO - Scan completed successfully
2026-07-31 17:02:16,257 - INFO - Scan started for quickxpertinfotech.com
2026-07-31 17:02:16,265 - INFO - Domain cleaned: quickxpertinfotech.com
2026-07-31 17:02:16,266 - ERROR - HTTP scan failed
2026-07-31 17:02:42,451 - INFO - Scan started for https://quickxpertinfotech.com
2026-07-31 17:02:42,451 - INFO - Domain cleaned: quickxpertinfotech.com
2026-07-31 17:02:44,264 - INFO - HTTP scan completed
2026-07-31 17:02:52,724 - INFO - Scan completed successfully
2026-07-31 17:14:47,720 - INFO - Scan started for http://192.168.1.1
2026-07-31 17:14:47,720 - INFO - Domain cleaned: 192.168.1.1
2026-07-31 17:14:47,922 - INFO - HTTP scan completed
2026-07-31 17:14:48,109 - INFO - Scan completed successfully
2026-08-04 17:50:46,293 - INFO - Scan started for https://quickxpertinfotech.com
2026-08-04 17:50:46,301 - INFO - Domain cleaned: quickxpertinfotech.com
2026-08-04 17:50:48,195 - INFO - HTTP scan completed
2026-08-04 17:50:55,726 - INFO - Scan completed successfully
2026-08-04 17:59:17,285 - INFO - Scan started for 192.168.1.1
2026-08-04 17:59:17,285 - INFO - Domain cleaned: 192.168.1.1
2026-08-04 17:59:17,286 - ERROR - HTTP scan failed
2026-08-04 18:05:19,822 - INFO - Scan started for 192.168.1.1
2026-08-04 18:05:20,028 - INFO - HTTP scan completed
2026-08-04 18:05:20,248 - INFO - Scan completed successfully
2026-08-04 18:17:03,062 - INFO - Scan started for 192.168.1.1
2026-08-04 18:17:03,279 - INFO - HTTP scan completed
2026-08-04 18:17:03,480 - INFO - Scan completed successfully
2026-08-04 18:23:15,032 - INFO - Scan started for 192.168.1.1
2026-08-04 18:23:15,252 - INFO - HTTP scan completed
2026-08-04 18:23:15,422 - INFO - Scan completed successfully
